// Jest Snapshot v1, https://goo.gl/fbAQLP

exports[`should match snapshot 1`] = `
<button
  className="clicker-button"
  type="button"
>
  +
</button>
`;
